
> learn-express@1.0.0 test
> jest

  console.log
    [dotenv@17.2.3] injecting env (0) from .env -- tip: ≡ƒöÉ encrypt with Dotenvx: https://dotenvx.com

      at _log (node_modules/dotenv/lib/main.js:142:11)

  console.log
    -----------------------------------------

      at Object.log (db.js:13:9)

  console.log
    ≡ƒöî Database Config Check:

      at Object.log (db.js:14:9)

  console.log
       Host: localhost

      at Object.log (db.js:15:9)

  console.log
       User: postgres

      at Object.log (db.js:16:9)

  console.log
       Database: todo_db

      at Object.log (db.js:17:9)

  console.log
       Password Type: string

      at Object.log (db.js:18:9)

  console.log
    -----------------------------------------

      at Object.log (db.js:19:9)

[0mPOST /auth/register [32m201[0m 386.129 ms - 43[0m
[0mPOST /auth/login [32m200[0m 185.968 ms - 233[0m
  console.log
    Γ£à Token Verified for User: 6

      at log (middleware/auth.js:18:17)

  console.log
    ΓÅ│ Updating IP for user: 6

      at log (middleware/auth.js:27:21)

  console.log
    Γ₧í∩╕Å Calling next()

      at log (middleware/auth.js:44:17)

[0mPOST /todos/addtodos [32m201[0m 53.740 ms - 62[0m
  console.log
    Γ£à Token Verified for User: 6

      at log (middleware/auth.js:18:17)

  console.log
    ΓÅ│ Updating IP for user: 6

      at log (middleware/auth.js:27:21)

  console.log
    Γ₧í∩╕Å Calling next()

      at log (middleware/auth.js:44:17)

[0mGET /todos [32m200[0m 32.449 ms - 64[0m
  console.log
    Γ£à Token Verified for User: 6

      at log (middleware/auth.js:18:17)

  console.log
    ΓÅ│ Updating IP for user: 6

      at log (middleware/auth.js:27:21)

  console.log
    Γ₧í∩╕Å Calling next()

      at log (middleware/auth.js:44:17)

[0mPUT /todos/updatetodos [32m200[0m 49.460 ms - 39[0m
  console.log
    Γ£à Token Verified for User: 6

      at log (middleware/auth.js:18:17)

  console.log
    ΓÅ│ Updating IP for user: 6

      at log (middleware/auth.js:27:21)

  console.log
    Γ₧í∩╕Å Calling next()

      at log (middleware/auth.js:44:17)

[0mDELETE /todos/deletetodos [32m200[0m 16.748 ms - 39[0m
node.exe : FAIL tests/todos.test.js
At line:1 char:1
+ & "C:\Program 
Files\nodejs/node.exe" "C:\Program 
Files\nodejs/node_mo ...
+ ~~~~~~~~~~~~~~~~~~~~~~~~~~~~~~~~~~
~~~~~~~~~~~~~~~~~~~~~~~~~~~~~~~~~~~
    + CategoryInfo          : NotSp 
   ecified: (FAIL tests/todos.test  
  .js:String) [], RemoteException
    + FullyQualifiedErrorId : Nativ 
   eCommandError
 
  Full API Integration Test
    ΓêÜ should register a new user 
(452 ms)
    ΓêÜ should login and return a 
token (221 ms)
    ΓêÜ should create a new todo 
(68 ms)
    ΓêÜ should fetch all todos (48 
ms)
    ├ù should mark todo as 
completed (67 ms)
    ΓêÜ should delete the todo (24 
ms)

  ΓùÅ Full API Integration Test ΓÇ║ 
should mark todo as completed

    expect(received).toContain(expec
ted) // indexOf

    Expected substring: "Todo 
Completed successfully"
    Received string:    "Todo 
updated successfully"

    [0m [90m 83 |[39m
     [90m 84 |[39m         expect(
res[33m.[39mstatusCode)[33m.[39m
toEqual([35m200[39m)[33m;[39m
    [31m[1m>[22m[39m[90m 85 
|[39m         expect(res[33m.[39m
body[33m.[39mmessage)[33m.[39mto
Contain([32m'Todo Completed 
successfully'[39m)[33m;[39m
     [90m    |[39m                
                  
[31m[1m^[22m[39m
     [90m 86 |[39m     
})[33m;[39m
     [90m 87 |[39m
     [90m 88 |[39m     [90m// 
TEST 6: Delete Todo[39m[0m

      at Object.toContain 
(tests/todos.test.js:85:34)

Test Suites: 1 failed, 1 total
Tests:       1 failed, 5 passed, 6 
total
Snapshots:   0 total
Time:        2.205 s, estimated 4 s
Ran all test suites.
